app/components/management/BulkEnrollmentDialog.tsx(3,8): error TS1259: Module '"C:/Users/ASHROCK/Desktop/project-bet/edu/node_modules/@types/react/index"' can only be default-imported using the 'esModuleInterop' flag
app/components/management/BulkEnrollmentDialog.tsx(25,32): error TS2307: Cannot find module '@/app/lib/api/enrollments.service' or its corresponding type declarations.
app/components/management/BulkEnrollmentDialog.tsx(26,28): error TS2307: Cannot find module '@/app/lib/api/courses.service' or its corresponding type declarations.
app/components/management/BulkEnrollmentDialog.tsx(27,25): error TS2307: Cannot find module '@/app/lib/api/sections.service' or its corresponding type declarations.
app/components/management/BulkEnrollmentDialog.tsx(28,39): error TS2307: Cannot find module '@/app/lib/api/schedules.service' or its corresponding type declarations.
app/components/management/BulkEnrollmentDialog.tsx(127,9): error TS17004: Cannot use JSX unless the '--jsx' flag is provided.
app/components/management/BulkEnrollmentDialog.tsx(128,13): error TS17004: Cannot use JSX unless the '--jsx' flag is provided.
app/components/management/BulkEnrollmentDialog.tsx(130,17): error TS17004: Cannot use JSX unless the '--jsx' flag is provided.
app/components/management/BulkEnrollmentDialog.tsx(135,13): error TS17004: Cannot use JSX unless the '--jsx' flag is provided.
app/components/management/BulkEnrollmentDialog.tsx(137,21): error TS17004: Cannot use JSX unless the '--jsx' flag is provided.
app/components/management/BulkEnrollmentDialog.tsx(142,17): error TS17004: Cannot use JSX unless the '--jsx' flag is provided.
app/components/management/BulkEnrollmentDialog.tsx(152,25): error TS17004: Cannot use JSX unless the '--jsx' flag is provided.
app/components/management/BulkEnrollmentDialog.tsx(156,46): error TS17004: Cannot use JSX unless the '--jsx' flag is provided.
app/components/management/BulkEnrollmentDialog.tsx(159,17): error TS17004: Cannot use JSX unless the '--jsx' flag is provided.
app/components/management/BulkEnrollmentDialog.tsx(163,17): error TS17004: Cannot use JSX unless the '--jsx' flag is provided.
app/components/management/BulkEnrollmentDialog.tsx(164,21): error TS17004: Cannot use JSX unless the '--jsx' flag is provided.
app/components/management/BulkEnrollmentDialog.tsx(177,21): error TS17004: Cannot use JSX unless the '--jsx' flag is provided.
app/components/management/BulkEnrollmentDialog.tsx(189,17): error TS17004: Cannot use JSX unless the '--jsx' flag is provided.
app/components/management/BulkEnrollmentDialog.tsx(190,21): error TS17004: Cannot use JSX unless the '--jsx' flag is provided.
app/components/management/BulkEnrollmentDialog.tsx(193,21): error TS17004: Cannot use JSX unless the '--jsx' flag is provided.
app/components/management/BulkEnrollmentDialog.tsx(197,17): error TS17004: Cannot use JSX unless the '--jsx' flag is provided.
app/components/management/BulkEnrollmentDialog.tsx(200,21): error TS17004: Cannot use JSX unless the '--jsx' flag is provided.
app/components/management/BulkEnrollmentDialog.tsx(201,25): error TS17004: Cannot use JSX unless the '--jsx' flag is provided.
app/components/management/BulkEnrollmentDialog.tsx(204,21): error TS17004: Cannot use JSX unless the '--jsx' flag is provided.
app/components/management/BulkEnrollmentDialog.tsx(206,29): error TS17004: Cannot use JSX unless the '--jsx' flag is provided.
app/components/management/BulkEnrollmentDialog.tsx(216,33): error TS17004: Cannot use JSX unless the '--jsx' flag is provided.
app/components/management/BulkEnrollmentDialog.tsx(223,33): error TS17004: Cannot use JSX unless the '--jsx' flag is provided.
app/components/management/BulkEnrollmentDialog.tsx(225,41): error TS17004: Cannot use JSX unless the '--jsx' flag is provided.
app/components/management/BulkEnrollmentDialog.tsx(226,45): error TS17004: Cannot use JSX unless the '--jsx' flag is provided.
app/components/management/BulkEnrollmentDialog.tsx(230,49): error TS17004: Cannot use JSX unless the '--jsx' flag is provided.
app/components/management/BulkEnrollmentDialog.tsx(239,29): error TS17004: Cannot use JSX unless the '--jsx' flag is provided.
app/components/management/BulkEnrollmentDialog.tsx(247,13): error TS17004: Cannot use JSX unless the '--jsx' flag is provided.
app/components/management/BulkEnrollmentDialog.tsx(248,17): error TS17004: Cannot use JSX unless the '--jsx' flag is provided.
app/components/management/BulkEnrollmentDialog.tsx(249,17): error TS17004: Cannot use JSX unless the '--jsx' flag is provided.
app/components/management/BulkEnrollmentDialog.tsx(260,32): error TS17004: Cannot use JSX unless the '--jsx' flag is provided.
node_modules/@mui/utils/requirePropFactory/requirePropFactory.d.ts(2,8): error TS1259: Module '"C:/Users/ASHROCK/Desktop/project-bet/edu/node_modules/@types/prop-types/index"' can only be default-imported using the 'esModuleInterop' flag
